
âˆš pods are allowed to automount API credentials
deployment "redis" injected

