
âˆš pods are allowed to automount API credentials
deployment "nginx" injected

