
√ pods are allowed to automount API credentials
deployment "redis" injected


√ pods are allowed to automount API credentials
deployment "nginx" injected

