Error transforming resources: cannot use debug-sidecar command on non linkerd components
