IP        PORT   POD          VERSION   WEIGHT   IDENTITY
1.2.3.4   8080   emoji-svc    1234      1        emoji-svc.emojivoto
1.2.3.4   8080   voting-svc   1234      1        voting-svc.emojivoto
