Resource with name "web" of kind "deployment" cannot be injected due to the following reasons:

Ã— pod has a sidecar injected already
---
