Error injecting conduit proxy: error converting YAML to JSON: yaml: line 14: did not find expected key
