Error transforming resources: --manual must be set when injecting control plane components

â€¼ no supported objects found


