Error transforming resources: failed to inject deployment/web - pods use host networking
