Error transforming resources: failed to inject deployment/web : pods have a 3rd party proxy or initContainer already injected
