Resource with name "web" of kind "deployment" cannot be injected due to the following reasons:

Ã— hostNetwork is enabled
---
