
hostNetwork: pods do not use host networking...............................[ok]
supported: at least one resource injected..................................[ok]

Summary: 2 of 2 YAML document(s) injected
  deployment/get-test-deploy-injected-1
  deployment/get-test-deploy-injected-2

