Error transforming resources: failed to inject deployment/nginx - pods have automountServiceAccountToken set to "false"

‼ no supported objects found
‼ "automountServiceAccountToken: false" detected in deployment/nginx

deployment "nginx" skipped

