---
###
### Linkerd Namespace
###
---
kind: Namespace
apiVersion: v1
metadata:
  name: linkerd
  annotations:
    linkerd.io/inject: disabled
  labels:
    linkerd.io/is-control-plane: "true"
    config.linkerd.io/admission-webhooks: disabled
    linkerd.io/control-plane-ns: linkerd
---
###
### Identity Controller Service RBAC
###
---
kind: ClusterRole
apiVersion: rbac.authorization.k8s.io/v1
metadata:
  name: linkerd-linkerd-identity
  labels:
    linkerd.io/control-plane-component: identity
    linkerd.io/control-plane-ns: linkerd
rules:
- apiGroups: ["authentication.k8s.io"]
  resources: ["tokenreviews"]
  verbs: ["create"]
- apiGroups: ["apps"]
  resources: ["deployments"]
  verbs: ["get"]
- apiGroups: [""]
  resources: ["events"]
  verbs: ["create", "patch"]
---
kind: ClusterRoleBinding
apiVersion: rbac.authorization.k8s.io/v1
metadata:
  name: linkerd-linkerd-identity
  labels:
    linkerd.io/control-plane-component: identity
    linkerd.io/control-plane-ns: linkerd
roleRef:
  apiGroup: rbac.authorization.k8s.io
  kind: ClusterRole
  name: linkerd-linkerd-identity
subjects:
- kind: ServiceAccount
  name: linkerd-identity
  namespace: linkerd
---
kind: ServiceAccount
apiVersion: v1
metadata:
  name: linkerd-identity
  namespace: linkerd
  labels:
    linkerd.io/control-plane-component: identity
    linkerd.io/control-plane-ns: linkerd
---
###
### Controller RBAC
###
---
kind: ClusterRole
apiVersion: rbac.authorization.k8s.io/v1
metadata:
  name: linkerd-linkerd-controller
  labels:
    linkerd.io/control-plane-component: controller
    linkerd.io/control-plane-ns: linkerd
rules:
- apiGroups: ["extensions", "apps"]
  resources: ["daemonsets", "deployments", "replicasets", "statefulsets"]
  verbs: ["list", "get", "watch"]
- apiGroups: ["extensions", "batch"]
  resources: ["cronjobs", "jobs"]
  verbs: ["list" , "get", "watch"]
- apiGroups: [""]
  resources: ["pods", "endpoints", "services", "replicationcontrollers", "namespaces"]
  verbs: ["list", "get", "watch"]
- apiGroups: ["linkerd.io"]
  resources: ["serviceprofiles"]
  verbs: ["list", "get", "watch"]
- apiGroups: ["split.smi-spec.io"]
  resources: ["trafficsplits"]
  verbs: ["list", "get", "watch"]
---
kind: ClusterRoleBinding
apiVersion: rbac.authorization.k8s.io/v1
metadata:
  name: linkerd-linkerd-controller
  labels:
    linkerd.io/control-plane-component: controller
    linkerd.io/control-plane-ns: linkerd
roleRef:
  apiGroup: rbac.authorization.k8s.io
  kind: ClusterRole
  name: linkerd-linkerd-controller
subjects:
- kind: ServiceAccount
  name: linkerd-controller
  namespace: linkerd
---
kind: ServiceAccount
apiVersion: v1
metadata:
  name: linkerd-controller
  namespace: linkerd
  labels:
    linkerd.io/control-plane-component: controller
    linkerd.io/control-plane-ns: linkerd
---
###
### Destination Controller Service
###
---
kind: ClusterRole
apiVersion: rbac.authorization.k8s.io/v1
metadata:
  name: linkerd-linkerd-destination
  labels:
    linkerd.io/control-plane-component: destination
    linkerd.io/control-plane-ns: linkerd
rules:
- apiGroups: ["apps"]
  resources: ["replicasets"]
  verbs: ["list", "get", "watch"]
- apiGroups: ["batch"]
  resources: ["jobs"]
  verbs: ["list", "get", "watch"]
- apiGroups: [""]
  resources: ["pods", "endpoints", "services", "nodes"]
  verbs: ["list", "get", "watch"]
- apiGroups: ["linkerd.io"]
  resources: ["serviceprofiles"]
  verbs: ["list", "get", "watch"]
- apiGroups: ["split.smi-spec.io"]
  resources: ["trafficsplits"]
  verbs: ["list", "get", "watch"]
---
kind: ClusterRoleBinding
apiVersion: rbac.authorization.k8s.io/v1
metadata:
  name: linkerd-linkerd-destination
  labels:
    linkerd.io/control-plane-component: destination
    linkerd.io/control-plane-ns: linkerd
roleRef:
  apiGroup: rbac.authorization.k8s.io
  kind: ClusterRole
  name: linkerd-linkerd-destination
subjects:
- kind: ServiceAccount
  name: linkerd-destination
  namespace: linkerd
---
kind: ServiceAccount
apiVersion: v1
metadata:
  name: linkerd-destination
  namespace: linkerd
  labels:
    linkerd.io/control-plane-component: destination
    linkerd.io/control-plane-ns: linkerd
---
###
### Heartbeat RBAC
###
---
apiVersion: rbac.authorization.k8s.io/v1
kind: Role
metadata:
  name: linkerd-heartbeat
  namespace: linkerd
  labels:
    linkerd.io/control-plane-ns: linkerd
rules:
- apiGroups: [""]
  resources: ["configmaps"]
  verbs: ["get"]
  resourceNames: ["linkerd-config"]
---
apiVersion: rbac.authorization.k8s.io/v1
kind: RoleBinding
metadata:
  name: linkerd-heartbeat
  namespace: linkerd
  labels:
    linkerd.io/control-plane-ns: linkerd
roleRef:
  kind: Role
  name: linkerd-heartbeat
  apiGroup: rbac.authorization.k8s.io
subjects:
- kind: ServiceAccount
  name: linkerd-heartbeat
  namespace: linkerd
---
kind: ServiceAccount
apiVersion: v1
metadata:
  name: linkerd-heartbeat
  namespace: linkerd
  labels:
    linkerd.io/control-plane-component: heartbeat
    linkerd.io/control-plane-ns: linkerd
---
###
### Web RBAC
###
---
apiVersion: rbac.authorization.k8s.io/v1
kind: Role
metadata:
  name: linkerd-web
  namespace: linkerd
  labels:
    linkerd.io/control-plane-component: web
    linkerd.io/control-plane-ns: linkerd
rules:
- apiGroups: [""]
  resources: ["configmaps"]
  verbs: ["get"]
  resourceNames: ["linkerd-config"]
- apiGroups: [""]
  resources: ["namespaces", "configmaps"]
  verbs: ["get"]
- apiGroups: [""]
  resources: ["serviceaccounts", "pods"]
  verbs: ["list"]
- apiGroups: ["apps"]
  resources: ["replicasets"]
  verbs: ["list"]
---
apiVersion: rbac.authorization.k8s.io/v1
kind: RoleBinding
metadata:
  name: linkerd-web
  namespace: linkerd
  labels:
    linkerd.io/control-plane-component: web
    linkerd.io/control-plane-ns: linkerd
roleRef:
  kind: Role
  name: linkerd-web
  apiGroup: rbac.authorization.k8s.io
subjects:
- kind: ServiceAccount
  name: linkerd-web
  namespace: linkerd
---
apiVersion: rbac.authorization.k8s.io/v1
kind: ClusterRole
metadata:
  name: linkerd-linkerd-web-check
  labels:
    linkerd.io/control-plane-component: web
    linkerd.io/control-plane-ns: linkerd
rules:
- apiGroups: ["rbac.authorization.k8s.io"]
  resources: ["clusterroles", "clusterrolebindings"]
  verbs: ["list"]
- apiGroups: ["apiextensions.k8s.io"]
  resources: ["customresourcedefinitions"]
  verbs: ["list"]
- apiGroups: ["admissionregistration.k8s.io"]
  resources: ["mutatingwebhookconfigurations", "validatingwebhookconfigurations"]
  verbs: ["list"]
- apiGroups: ["policy"]
  resources: ["podsecuritypolicies"]
  verbs: ["list"]
- apiGroups: ["linkerd.io"]
  resources: ["serviceprofiles"]
  verbs: ["list"]
- apiGroups: ["apiregistration.k8s.io"]
  resources: ["apiservices"]
  verbs: ["get"]
---
apiVersion: rbac.authorization.k8s.io/v1
kind: ClusterRoleBinding
metadata:
  name: linkerd-linkerd-web-check
  labels:
    linkerd.io/control-plane-component: web
    linkerd.io/control-plane-ns: linkerd
roleRef:
  kind: ClusterRole
  name: linkerd-linkerd-web-check
  apiGroup: rbac.authorization.k8s.io
subjects:
- kind: ServiceAccount
  name: linkerd-web
  namespace: linkerd
---
kind: ClusterRoleBinding
apiVersion: rbac.authorization.k8s.io/v1
metadata:
  name: linkerd-linkerd-web-admin
  labels:
    linkerd.io/control-plane-component: web
    linkerd.io/control-plane-ns: linkerd
roleRef:
  apiGroup: rbac.authorization.k8s.io
  kind: ClusterRole
  name: linkerd-linkerd-tap-admin
subjects:
- kind: ServiceAccount
  name: linkerd-web
  namespace: linkerd
---
kind: ServiceAccount
apiVersion: v1
metadata:
  name: linkerd-web
  namespace: linkerd
  labels:
    linkerd.io/control-plane-component: web
    linkerd.io/control-plane-ns: linkerd
---
###
### Service Profile CRD
###
---
apiVersion: apiextensions.k8s.io/v1beta1
kind: CustomResourceDefinition
metadata:
  name: serviceprofiles.linkerd.io
  annotations:
    linkerd.io/created-by: linkerd/cli dev-undefined
  labels:
    linkerd.io/control-plane-ns: linkerd
spec:
  group: linkerd.io
  versions:
  - name: v1alpha1
    served: true
    storage: false
  - name: v1alpha2
    served: true
    storage: true
  scope: Namespaced
  names:
    plural: serviceprofiles
    singular: serviceprofile
    kind: ServiceProfile
    shortNames:
    - sp
---
###
### TrafficSplit CRD
### Copied from https://github.com/deislabs/smi-sdk-go/blob/cea7e1e9372304bbb6c74a3f6ca788d9eaa9cc58/crds/split.yaml
###
---
apiVersion: apiextensions.k8s.io/v1beta1
kind: CustomResourceDefinition
metadata:
  name: trafficsplits.split.smi-spec.io
  annotations:
    linkerd.io/created-by: linkerd/cli dev-undefined
  labels:
    linkerd.io/control-plane-ns: linkerd
spec:
  group: split.smi-spec.io
  version: v1alpha1
  scope: Namespaced
  names:
    kind: TrafficSplit
    shortNames:
      - ts
    plural: trafficsplits
    singular: trafficsplit
  additionalPrinterColumns:
  - name: Service
    type: string
    description: The apex service of this split.
    JSONPath: .spec.service
---
###
### Proxy Injector RBAC
###
---
kind: ClusterRole
apiVersion: rbac.authorization.k8s.io/v1
metadata:
  name: linkerd-linkerd-proxy-injector
  labels:
    linkerd.io/control-plane-component: proxy-injector
    linkerd.io/control-plane-ns: linkerd
rules:
- apiGroups: [""]
  resources: ["events"]
  verbs: ["create", "patch"]
- apiGroups: [""]
  resources: ["namespaces", "replicationcontrollers"]
  verbs: ["list", "get", "watch"]
- apiGroups: [""]
  resources: ["pods"]
  verbs: ["list", "watch"]
- apiGroups: ["extensions", "apps"]
  resources: ["deployments", "replicasets", "daemonsets", "statefulsets"]
  verbs: ["list", "get", "watch"]
- apiGroups: ["extensions", "batch"]
  resources: ["cronjobs", "jobs"]
  verbs: ["list", "get", "watch"]
---
kind: ClusterRoleBinding
apiVersion: rbac.authorization.k8s.io/v1
metadata:
  name: linkerd-linkerd-proxy-injector
  labels:
    linkerd.io/control-plane-component: proxy-injector
    linkerd.io/control-plane-ns: linkerd
subjects:
- kind: ServiceAccount
  name: linkerd-proxy-injector
  namespace: linkerd
  apiGroup: ""
roleRef:
  kind: ClusterRole
  name: linkerd-linkerd-proxy-injector
  apiGroup: rbac.authorization.k8s.io
---
kind: ServiceAccount
apiVersion: v1
metadata:
  name: linkerd-proxy-injector
  namespace: linkerd
  labels:
    linkerd.io/control-plane-component: proxy-injector
    linkerd.io/control-plane-ns: linkerd
---
kind: Secret
apiVersion: v1
metadata:
  name: linkerd-proxy-injector-k8s-tls
  namespace: linkerd
  labels:
    linkerd.io/control-plane-component: proxy-injector
    linkerd.io/control-plane-ns: linkerd
  annotations:
    linkerd.io/created-by: linkerd/cli dev-undefined
type: kubernetes.io/tls
data:
  tls.crt: cHJveHkgaW5qZWN0b3IgY3J0
  tls.key: cHJveHkgaW5qZWN0b3Iga2V5
---
apiVersion: admissionregistration.k8s.io/v1beta1
kind: MutatingWebhookConfiguration
metadata:
  name: linkerd-proxy-injector-webhook-config
  labels:
    linkerd.io/control-plane-component: proxy-injector
    linkerd.io/control-plane-ns: linkerd
webhooks:
- name: linkerd-proxy-injector.linkerd.io
  namespaceSelector:
    matchExpressions:
    - key: config.linkerd.io/admission-webhooks
      operator: NotIn
      values:
      - disabled
  clientConfig:
    service:
      name: linkerd-proxy-injector
      namespace: linkerd
      path: "/"
    caBundle: cHJveHkgaW5qZWN0b3IgQ0EgYnVuZGxl
  failurePolicy: Ignore
  rules:
  - operations: [ "CREATE" ]
    apiGroups: [""]
    apiVersions: ["v1"]
    resources: ["pods"]
  sideEffects: None
---
###
### Service Profile Validator RBAC
###
---
kind: ClusterRole
apiVersion: rbac.authorization.k8s.io/v1
metadata:
  name: linkerd-linkerd-sp-validator
  labels:
    linkerd.io/control-plane-component: sp-validator
    linkerd.io/control-plane-ns: linkerd
rules:
- apiGroups: [""]
  resources: ["pods"]
  verbs: ["list"]
---
kind: ClusterRoleBinding
apiVersion: rbac.authorization.k8s.io/v1
metadata:
  name: linkerd-linkerd-sp-validator
  labels:
    linkerd.io/control-plane-component: sp-validator
    linkerd.io/control-plane-ns: linkerd
subjects:
- kind: ServiceAccount
  name: linkerd-sp-validator
  namespace: linkerd
  apiGroup: ""
roleRef:
  kind: ClusterRole
  name: linkerd-linkerd-sp-validator
  apiGroup: rbac.authorization.k8s.io
---
kind: ServiceAccount
apiVersion: v1
metadata:
  name: linkerd-sp-validator
  namespace: linkerd
  labels:
    linkerd.io/control-plane-component: sp-validator
    linkerd.io/control-plane-ns: linkerd
---
kind: Secret
apiVersion: v1
metadata:
  name: linkerd-sp-validator-k8s-tls
  namespace: linkerd
  labels:
    linkerd.io/control-plane-component: sp-validator
    linkerd.io/control-plane-ns: linkerd
  annotations:
    linkerd.io/created-by: linkerd/cli dev-undefined
type: kubernetes.io/tls
data:
  tls.crt: cHJvZmlsZSB2YWxpZGF0b3IgY3J0
  tls.key: cHJvZmlsZSB2YWxpZGF0b3Iga2V5
---
apiVersion: admissionregistration.k8s.io/v1beta1
kind: ValidatingWebhookConfiguration
metadata:
  name: linkerd-sp-validator-webhook-config
  labels:
    linkerd.io/control-plane-component: sp-validator
    linkerd.io/control-plane-ns: linkerd
webhooks:
- name: linkerd-sp-validator.linkerd.io
  namespaceSelector:
    matchExpressions:
    - key: config.linkerd.io/admission-webhooks
      operator: NotIn
      values:
      - disabled
  clientConfig:
    service:
      name: linkerd-sp-validator
      namespace: linkerd
      path: "/"
    caBundle: cHJvZmlsZSB2YWxpZGF0b3IgQ0EgYnVuZGxl
  failurePolicy: Ignore
  rules:
  - operations: [ "CREATE" , "UPDATE" ]
    apiGroups: ["linkerd.io"]
    apiVersions: ["v1alpha1", "v1alpha2"]
    resources: ["serviceprofiles"]
  sideEffects: None
---
###
### Tap RBAC
###
---
kind: ClusterRole
apiVersion: rbac.authorization.k8s.io/v1
metadata:
  name: linkerd-linkerd-tap
  labels:
    linkerd.io/control-plane-component: tap
    linkerd.io/control-plane-ns: linkerd
rules:
- apiGroups: [""]
  resources: ["pods", "services", "replicationcontrollers", "namespaces", "nodes"]
  verbs: ["list", "get", "watch"]
- apiGroups: ["extensions", "apps"]
  resources: ["daemonsets", "deployments", "replicasets", "statefulsets"]
  verbs: ["list", "get", "watch"]
- apiGroups: ["extensions", "batch"]
  resources: ["cronjobs", "jobs"]
  verbs: ["list" , "get", "watch"]
---
kind: ClusterRole
apiVersion: rbac.authorization.k8s.io/v1
metadata:
  name: linkerd-linkerd-tap-admin
  labels:
    linkerd.io/control-plane-component: tap
    linkerd.io/control-plane-ns: linkerd
rules:
- apiGroups: ["tap.linkerd.io"]
  resources: ["*"]
  verbs: ["watch"]
---
kind: ClusterRoleBinding
apiVersion: rbac.authorization.k8s.io/v1
metadata:
  name: linkerd-linkerd-tap
  labels:
    linkerd.io/control-plane-component: tap
    linkerd.io/control-plane-ns: linkerd
roleRef:
  apiGroup: rbac.authorization.k8s.io
  kind: ClusterRole
  name: linkerd-linkerd-tap
subjects:
- kind: ServiceAccount
  name: linkerd-tap
  namespace: linkerd
---
apiVersion: rbac.authorization.k8s.io/v1
kind: ClusterRoleBinding
metadata:
  name: linkerd-linkerd-tap-auth-delegator
  labels:
    linkerd.io/control-plane-component: tap
    linkerd.io/control-plane-ns: linkerd
roleRef:
  apiGroup: rbac.authorization.k8s.io
  kind: ClusterRole
  name: system:auth-delegator
subjects:
- kind: ServiceAccount
  name: linkerd-tap
  namespace: linkerd
---
kind: ServiceAccount
apiVersion: v1
metadata:
  name: linkerd-tap
  namespace: linkerd
  labels:
    linkerd.io/control-plane-component: tap
    linkerd.io/control-plane-ns: linkerd
---
apiVersion: rbac.authorization.k8s.io/v1
kind: RoleBinding
metadata:
  name: linkerd-linkerd-tap-auth-reader
  namespace: kube-system
  labels:
    linkerd.io/control-plane-component: tap
    linkerd.io/control-plane-ns: linkerd
roleRef:
  apiGroup: rbac.authorization.k8s.io
  kind: Role
  name: extension-apiserver-authentication-reader
subjects:
- kind: ServiceAccount
  name: linkerd-tap
  namespace: linkerd
---
kind: Secret
apiVersion: v1
metadata:
  name: linkerd-tap-k8s-tls
  namespace: linkerd
  labels:
    linkerd.io/control-plane-component: tap
    linkerd.io/control-plane-ns: linkerd
  annotations:
    linkerd.io/created-by: linkerd/cli dev-undefined
type: kubernetes.io/tls
data:
  tls.crt: dGFwIGNydA==
  tls.key: dGFwIGtleQ==
---
apiVersion: apiregistration.k8s.io/v1
kind: APIService
metadata:
  name: v1alpha1.tap.linkerd.io
  labels:
    linkerd.io/control-plane-component: tap
    linkerd.io/control-plane-ns: linkerd
spec:
  group: tap.linkerd.io
  version: v1alpha1
  groupPriorityMinimum: 1000
  versionPriority: 100
  service:
    name: linkerd-tap
    namespace: linkerd
  caBundle: dGFwIENBIGJ1bmRsZQ==
---
###
### Control Plane PSP
###
---
apiVersion: policy/v1beta1
kind: PodSecurityPolicy
metadata:
  name: linkerd-linkerd-control-plane
  labels:
    linkerd.io/control-plane-ns: linkerd
spec:
  allowPrivilegeEscalation: false
  readOnlyRootFilesystem: true
  allowedCapabilities:
  - NET_ADMIN
  - NET_RAW
  requiredDropCapabilities:
  - ALL
  hostNetwork: false
  hostIPC: false
  hostPID: false
  seLinux:
    rule: RunAsAny
  runAsUser:
    rule: RunAsAny
  supplementalGroups:
    rule: MustRunAs
    ranges:
    - min: 1
      max: 65535
  fsGroup:
    rule: MustRunAs
    ranges:
    - min: 1
      max: 65535
  volumes:
  - configMap
  - emptyDir
  - secret
  - projected
  - downwardAPI
  - persistentVolumeClaim
---
apiVersion: rbac.authorization.k8s.io/v1
kind: Role
metadata:
  name: linkerd-psp
  namespace: linkerd
  labels:
    linkerd.io/control-plane-ns: linkerd
rules:
- apiGroups: ['policy', 'extensions']
  resources: ['podsecuritypolicies']
  verbs: ['use']
  resourceNames:
  - linkerd-linkerd-control-plane
---
apiVersion: rbac.authorization.k8s.io/v1
kind: RoleBinding
metadata:
  name: linkerd-psp
  namespace: linkerd
  labels:
    linkerd.io/control-plane-ns: linkerd
roleRef:
  kind: Role
  name: linkerd-psp
  apiGroup: rbac.authorization.k8s.io
subjects:
- kind: ServiceAccount
  name: linkerd-controller
  namespace: linkerd
- kind: ServiceAccount
  name: linkerd-destination
  namespace: linkerd
- kind: ServiceAccount
  name: linkerd-grafana
  namespace: linkerd
- kind: ServiceAccount
  name: linkerd-heartbeat
  namespace: linkerd
- kind: ServiceAccount
  name: linkerd-identity
  namespace: linkerd
- kind: ServiceAccount
  name: linkerd-prometheus
  namespace: linkerd
- kind: ServiceAccount
  name: linkerd-proxy-injector
  namespace: linkerd
- kind: ServiceAccount
  name: linkerd-sp-validator
  namespace: linkerd
- kind: ServiceAccount
  name: linkerd-tap
  namespace: linkerd
- kind: ServiceAccount
  name: linkerd-web
  namespace: linkerd
---
###
### Grafana RBAC
###
---
kind: ServiceAccount
apiVersion: v1
metadata:
  name: linkerd-grafana
  namespace: linkerd
  labels:
    linkerd.io/control-plane-component: grafana
    linkerd.io/control-plane-ns: linkerd
---
###
### Prometheus RBAC
###
---
kind: ClusterRole
apiVersion: rbac.authorization.k8s.io/v1
metadata:
  name: linkerd-linkerd-prometheus
  labels:
    linkerd.io/control-plane-component: prometheus
    linkerd.io/control-plane-ns: linkerd
rules:
- apiGroups: [""]
  resources: ["nodes", "nodes/proxy", "pods"]
  verbs: ["get", "list", "watch"]
---
kind: ClusterRoleBinding
apiVersion: rbac.authorization.k8s.io/v1
metadata:
  name: linkerd-linkerd-prometheus
  labels:
    linkerd.io/control-plane-component: prometheus
    linkerd.io/control-plane-ns: linkerd
roleRef:
  apiGroup: rbac.authorization.k8s.io
  kind: ClusterRole
  name: linkerd-linkerd-prometheus
subjects:
- kind: ServiceAccount
  name: linkerd-prometheus
  namespace: linkerd
---
kind: ServiceAccount
apiVersion: v1
metadata:
  name: linkerd-prometheus
  namespace: linkerd
  labels:
    linkerd.io/control-plane-component: prometheus
    linkerd.io/control-plane-ns: linkerd
---
###
### linkerd-collector RBAC
###
---
kind: ServiceAccount
apiVersion: v1
metadata:
  name: linkerd-collector
  namespace: linkerd
  labels:
    linkerd.io/control-plane-component: linkerd-collector
    linkerd.io/control-plane-ns: linkerd
---
###
### linkerd-jaeger RBAC
###
---
kind: ServiceAccount
apiVersion: v1
metadata:
  name: linkerd-jaeger
  namespace: linkerd
  labels:
    linkerd.io/control-plane-component: linkerd-jaeger
    linkerd.io/control-plane-ns: linkerd
---
apiVersion: v1
data:
  linkerd-config-overrides: ZGVidWdDb250YWluZXI6CiAgaW1hZ2U6CiAgICB2ZXJzaW9uOiBpbnN0YWxsLWRlYnVnLXZlcnNpb24KZ2xvYmFsOgogIGNvbnRyb2xsZXJJbWFnZVZlcnNpb246IGluc3RhbGwtY29udHJvbC1wbGFuZS12ZXJzaW9uCiAgaWRlbnRpdHlUcnVzdEFuY2hvcnNQRU06IHwKICAgIC0tLS0tQkVHSU4gQ0VSVElGSUNBVEUtLS0tLQogICAgTUlJQndUQ0NBV2FnQXdJQkFnSVFlRFpwNWxEYUl5Z1E1VWZNS1pyRkFUQUtCZ2dxaGtqT1BRUURBakFwTVNjdwogICAgSlFZRFZRUURFeDVwWkdWdWRHbDBlUzVzYVc1clpYSmtMbU5zZFhOMFpYSXViRzlqWVd3d0hoY05NakF3T0RJNAogICAgTURjeE1qUTNXaGNOTXpBd09ESTJNRGN4TWpRM1dqQXBNU2N3SlFZRFZRUURFeDVwWkdWdWRHbDBlUzVzYVc1cgogICAgWlhKa0xtTnNkWE4wWlhJdWJHOWpZV3d3V1RBVEJnY3Foa2pPUFFJQkJnZ3Foa2pPUFFNQkJ3TkNBQVJxYzcwWgogICAgbDF2Z3c3OXJqQjV1U0lUSUNVQTZHeWZ2U0ZmY3VJaXM3Qi9YRlNra3dBSFU1Uy9zMUFBUCtSMFRYN0hCV1VDNAogICAgdWFHNFdXc2l3SktObjdtZ28zQXdiakFPQmdOVkhROEJBZjhFQkFNQ0FRWXdFZ1lEVlIwVEFRSC9CQWd3QmdFQgogICAgL3dJQkFUQWRCZ05WSFE0RUZnUVU1WXRqVlZQZmQ3STdOTEhzbjJDMjZFQnlHVjB3S1FZRFZSMFJCQ0l3SUlJZQogICAgYVdSbGJuUnBkSGt1YkdsdWEyVnlaQzVqYkhWemRHVnlMbXh2WTJGc01Bb0dDQ3FHU000OUJBTUNBMGtBTUVZQwogICAgSVFDTjdsQkZMRER2ang2VjArWGtqcEtFUlJzSllmNWFkTXZubG9GbDQ4aWxKZ0loQU50eGhuZGNyK1FKUHVDOAogICAgdmdVQzBkMi85Rk11ZUlWTWIrNDZXVENPanNxcgogICAgLS0tLS1FTkQgQ0VSVElGSUNBVEUtLS0tLQogIHByb3h5OgogICAgaW1hZ2U6CiAgICAgIHZlcnNpb246IGluc3RhbGwtcHJveHktdmVyc2lvbgpoZWFydGJlYXRTY2hlZHVsZTogMSAyIDMgNCA1CmlkZW50aXR5OgogIGlzc3VlcjoKICAgIGNydEV4cGlyeTogIjIwMzAtMDgtMjZUMDc6MTM6NDdaIgogICAgdGxzOgogICAgICBjcnRQRU06IHwKICAgICAgICAtLS0tLUJFR0lOIENFUlRJRklDQVRFLS0tLS0KICAgICAgICBNSUlCd0RDQ0FXZWdBd0lCQWdJUkFKUklnWjhSdE84RXdnMVhlcGY4VDQ0d0NnWUlLb1pJemowRUF3SXdLVEVuCiAgICAgICAgTUNVR0ExVUVBeE1lYVdSbGJuUnBkSGt1YkdsdWEyVnlaQzVqYkhWemRHVnlMbXh2WTJGc01CNFhEVEl3TURneQogICAgICAgIE9EQTNNVE0wTjFvWERUTXdNRGd5TmpBM01UTTBOMW93S1RFbk1DVUdBMVVFQXhNZWFXUmxiblJwZEhrdWJHbHUKICAgICAgICBhMlZ5WkM1amJIVnpkR1Z5TG14dlkyRnNNRmt3RXdZSEtvWkl6ajBDQVFZSUtvWkl6ajBEQVFjRFFnQUUxL0ZwCiAgICAgICAgZmNSbkRjZWRMNkFqVWFYWVB2NERJTUJhSnVmT0k1Tld0eStYU1g3SmpYZ1p0TTcyZFF2UmFZYW51eEQzNkR0MQogICAgICAgIDIvSnh5aVNneEtXUmRvYXkrYU53TUc0d0RnWURWUjBQQVFIL0JBUURBZ0VHTUJJR0ExVWRFd0VCL3dRSU1BWUIKICAgICAgICBBZjhDQVFBd0hRWURWUjBPQkJZRUZJMVducnFNWUthSEhPbyt6cHlpaURxMnBPMEtNQ2tHQTFVZEVRUWlNQ0NDCiAgICAgICAgSG1sa1pXNTBhWFI1TG14cGJtdGxjbVF1WTJ4MWMzUmxjaTVzYjJOaGJEQUtCZ2dxaGtqT1BRUURBZ05IQURCRQogICAgICAgIEFpQXR1b0k1WHVDdHJHVlJ6U21SVGwycmEyOGFWOU15VFU3ZDVxblRBRkhLU2dJZ1JLQ3ZsdU9TZ0E1TzIxcDUKICAgICAgICA1MXRkcm1rSEVaUnIwcWxMU0pkSFlnRWZNems9CiAgICAgICAgLS0tLS1FTkQgQ0VSVElGSUNBVEUtLS0tLQogICAgICBrZXlQRU06IHwKICAgICAgICAtLS0tLUJFR0lOIEVDIFBSSVZBVEUgS0VZLS0tLS0KICAgICAgICBNSGNDQVFFRUlBQWU4bmZielp1OWMvT0IyKzh4Sk0wRno3TlV3VFFhenVsa0ZOczRUSTUrb0FvR0NDcUdTTTQ5CiAgICAgICAgQXdFSG9VUURRZ0FFMS9GcGZjUm5EY2VkTDZBalVhWFlQdjRESU1CYUp1Zk9JNU5XdHkrWFNYN0pqWGdadE03MgogICAgICAgIGRRdlJhWWFudXhEMzZEdDEyL0p4eWlTZ3hLV1Jkb2F5K1E9PQogICAgICAgIC0tLS0tRU5EIEVDIFBSSVZBVEUgS0VZLS0tLS0KcHJvZmlsZVZhbGlkYXRvcjoKICBjYUJ1bmRsZTogcHJvZmlsZSB2YWxpZGF0b3IgQ0EgYnVuZGxlCiAgY3J0UEVNOiBwcm9maWxlIHZhbGlkYXRvciBjcnQKICBrZXlQRU06IHByb2ZpbGUgdmFsaWRhdG9yIGtleQpwcm94eUluamVjdG9yOgogIGNhQnVuZGxlOiBwcm94eSBpbmplY3RvciBDQSBidW5kbGUKICBjcnRQRU06IHByb3h5IGluamVjdG9yIGNydAogIGtleVBFTTogcHJveHkgaW5qZWN0b3Iga2V5CnN0YWdlOiBjb25maWcKdGFwOgogIGNhQnVuZGxlOiB0YXAgQ0EgYnVuZGxlCiAgY3J0UEVNOiB0YXAgY3J0CiAga2V5UEVNOiB0YXAga2V5CnRyYWNpbmc6CiAgZW5hYmxlZDogdHJ1ZQo=
kind: Secret
metadata:
  creationTimestamp: null
  name: linkerd-config-overrides
  namespace: linkerd
